// Vitest Snapshot v1

exports[`snapshots > Readner Default components 1`] = `
<div
  class="_loading_slpnj_10"
/>
`;
